[1785037505386] [voice] 唤醒 score=0.633，开始听指令
[1785037505391] [voice] 回溯补齐 32000 样本(2.00秒)
[1785037506313] [voice] VAD 检测到静音，录音结束
[1785037506317] [voice] 指令音频 47040 样本(2.94秒)，开始 ASR 识别...
[1785037506891] [voice] ASR 识别结果: 「小助手，窗口一跟随我。」
[1785037506908] [intent] 原始文本: 「小助手，窗口一跟随我。」
[1785037506908] [intent] 当前窗口名: ["1=窗口1", "2=窗口2", "3=窗口3", "4=窗口4", "5=窗口5", "6=窗口6", "7=窗口7", "8=窗口8"]
[1785037506910] [intent] 未匹配到任何窗口名或停止指令
[1785037535277] [voice] 唤醒 score=0.579，开始听指令
[1785037535278] [voice] 回溯补齐 32000 样本(2.00秒)
[1785037535905] [voice] VAD 检测到静音，录音结束
[1785037535906] [voice] 指令音频 42240 样本(2.64秒)，开始 ASR 识别...
[1785037536317] [voice] ASR 识别结果: 「小助手，百花跟随我。」
[1785037536324] [intent] 原始文本: 「小助手，百花跟随我。」
[1785037536324] [intent] 当前窗口名: ["1=百花", "2=窗口2", "3=窗口3", "4=窗口4", "5=窗口5", "6=窗口6", "7=窗口7", "8=窗口8"]
[1785037536325] [intent] 匹配: 窗口 1 执行动作「跟随我」
[1785037536325] [intent] 窗口 1(百花) 已添加脚本: ["通用-连续按1.ag", "跟随.ag"]
[1785037536326] [intent] 动作「跟随我」匹配到脚本「跟随.ag」，启动
[1785037536326] [intent] 已启动窗口 1 的脚本「跟随.ag」
[1785037544802] [voice] 唤醒 score=0.628，开始听指令
[1785037544803] [voice] 回溯补齐 32000 样本(2.00秒)
[1785037545114] [voice] VAD 检测到静音，录音结束
[1785037545115] [voice] 指令音频 37120 样本(2.32秒)，开始 ASR 识别...
[1785037545533] [voice] ASR 识别结果: 「小助手，所有人停止。」
[1785037545540] [intent] 原始文本: 「小助手，所有人停止。」
[1785037545540] [intent] 当前窗口名: ["1=百花", "2=窗口2", "3=窗口3", "4=窗口4", "5=窗口5", "6=窗口6", "7=窗口7", "8=窗口8"]
[1785037545541] [intent] 匹配: 停止全部
[1785038057794] [voice] 唤醒 score=0.638，开始听指令
[1785038057795] [voice] 回溯补齐 32000 样本(2.00秒)
[1785038058837] [voice] VAD 检测到静音，录音结束
[1785038058838] [voice] 指令音频 48640 样本(3.04秒)，开始 ASR 识别...
[1785038059524] [voice] ASR 识别结果: 「小助手，百花跟谁玩？」
[1785038059542] [intent] 原始文本: 「小助手，百花跟谁玩？」
[1785038059542] [intent] 当前窗口名: ["1=百花", "2=窗口2", "3=窗口3", "4=窗口4", "5=窗口5", "6=窗口6", "7=窗口7", "8=窗口8"]
[1785038059543] [intent] 匹配: 窗口 1 执行动作「跟谁玩」
[1785038059544] [intent] 窗口 1(百花) 已添加脚本: ["通用-连续按1.ag", "蜀门-自动跟随.ag"]
[1785038059544] [intent] 动作「跟谁玩」在窗口 1 的脚本中未找到匹配
[1785038067308] [voice] 唤醒 score=0.584，开始听指令
[1785038067309] [voice] 回溯补齐 32000 样本(2.00秒)
[1785038068282] [voice] VAD 检测到静音，录音结束
[1785038068282] [voice] 指令音频 47680 样本(2.98秒)，开始 ASR 识别...
[1785038068837] [voice] ASR 识别结果: 「小助手，百花跟随我。」
[1785038068842] [intent] 原始文本: 「小助手，百花跟随我。」
[1785038068842] [intent] 当前窗口名: ["1=百花", "2=窗口2", "3=窗口3", "4=窗口4", "5=窗口5", "6=窗口6", "7=窗口7", "8=窗口8"]
[1785038068843] [intent] 匹配: 窗口 1 执行动作「跟随我」
[1785038068844] [intent] 窗口 1(百花) 已添加脚本: ["通用-连续按1.ag", "蜀门-自动跟随.ag"]
[1785038068844] [intent] 动作「跟随我」在窗口 1 的脚本中未找到匹配
[1785038080800] [voice] 唤醒 score=0.626，开始听指令
[1785038080801] [voice] 回溯补齐 32000 样本(2.00秒)
[1785038081357] [voice] VAD 检测到静音，录音结束
[1785038081358] [voice] 指令音频 40960 样本(2.56秒)，开始 ASR 识别...
[1785038081799] [voice] ASR 识别结果: 「小助手，百花跟随。」
[1785038081808] [intent] 原始文本: 「小助手，百花跟随。」
[1785038081808] [intent] 当前窗口名: ["1=百花", "2=窗口2", "3=窗口3", "4=窗口4", "5=窗口5", "6=窗口6", "7=窗口7", "8=窗口8"]
[1785038081810] [intent] 匹配: 窗口 1 执行动作「跟随」
[1785038081810] [intent] 窗口 1(百花) 已添加脚本: ["通用-连续按1.ag", "蜀门-自动跟随.ag"]
[1785038081810] [intent] 动作「跟随」在窗口 1 的脚本中未找到匹配
[1785038091741] [voice] 唤醒 score=0.640，开始听指令
[1785038091742] [voice] 回溯补齐 32000 样本(2.00秒)
[1785038092495] [voice] VAD 检测到静音，录音结束
[1785038092495] [voice] 指令音频 44160 样本(2.76秒)，开始 ASR 识别...
[1785038092960] [voice] ASR 识别结果: 「小助手，百花自动跟随。」
[1785038092974] [intent] 原始文本: 「小助手，百花自动跟随。」
[1785038092975] [intent] 当前窗口名: ["1=百花", "2=窗口2", "3=窗口3", "4=窗口4", "5=窗口5", "6=窗口6", "7=窗口7", "8=窗口8"]
[1785038092976] [intent] 匹配: 窗口 1 执行动作「自动跟随」
[1785038092976] [intent] 窗口 1(百花) 已添加脚本: ["通用-连续按1.ag", "蜀门-自动跟随.ag"]
[1785038092977] [intent] 动作「自动跟随」在窗口 1 的脚本中未找到匹配
[1785038297369] [voice] 唤醒 score=0.651，开始听指令
[1785038297370] [voice] 回溯补齐 32000 样本(2.00秒)
[1785038298220] [voice] VAD 检测到静音，录音结束
[1785038298221] [voice] 指令音频 45760 样本(2.86秒)，开始 ASR 识别...
[1785038298881] [voice] ASR 识别结果: 「小助手，窗口一连续按一。」
[1785038298885] [intent] 原始文本: 「小助手，窗口一连续按一。」
[1785038298885] [intent] 当前窗口名: ["1=窗口1", "2=窗口2", "3=窗口3", "4=窗口4", "5=窗口5", "6=窗口6", "7=窗口7", "8=窗口8"]
[1785038298886] [intent] 匹配: 窗口 1 执行动作「连续按1」
[1785038298887] [intent] 窗口 1(窗口1) 已添加脚本: ["通用-连续按1.ag", "蜀门-自动跟随.ag"]
[1785038392332] [voice] 唤醒 score=0.640，开始听指令
[1785038392333] [voice] 回溯补齐 32000 样本(2.00秒)
[1785038392570] [voice] VAD 检测到静音，录音结束
[1785038392571] [voice] 指令音频 35840 样本(2.24秒)，开始 ASR 识别...
[1785038393122] [voice] ASR 识别结果: 「小助手，连续按一。」
[1785038393132] [intent] 原始文本: 「小助手，连续按一。」
[1785038393133] [intent] 当前窗口名: ["1=窗口1", "2=窗口2", "3=窗口3", "4=窗口4", "5=窗口5", "6=窗口6", "7=窗口7", "8=窗口8"]
[1785038393134] [intent] 未匹配到任何窗口名或停止指令
[1785038399444] [voice] 唤醒 score=0.627，开始听指令
[1785038399445] [voice] 回溯补齐 32000 样本(2.00秒)
[1785038400177] [voice] VAD 检测到静音，录音结束
[1785038400178] [voice] 指令音频 43840 样本(2.74秒)，开始 ASR 识别...
[1785038400649] [voice] ASR 识别结果: 「小助手，窗口一连续按一。」
[1785038400665] [intent] 原始文本: 「小助手，窗口一连续按一。」
[1785038400666] [intent] 当前窗口名: ["1=窗口1", "2=窗口2", "3=窗口3", "4=窗口4", "5=窗口5", "6=窗口6", "7=窗口7", "8=窗口8"]
[1785038400667] [intent] 匹配: 窗口 1 执行动作「连续按1」
[1785038400667] [intent] 窗口 1(窗口1) 未绑定窗口句柄，无法执行
[1785038422145] [voice] 唤醒 score=0.604，开始听指令
[1785038422146] [voice] 回溯补齐 32000 样本(2.00秒)
[1785038422601] [voice] VAD 检测到静音，录音结束
[1785038422602] [voice] 指令音频 39360 样本(2.46秒)，开始 ASR 识别...
[1785038423138] [voice] ASR 识别结果: 「助手窗口一连续按一。」
[1785038423148] [intent] 原始文本: 「助手窗口一连续按一。」
[1785038423148] [intent] 当前窗口名: ["1=窗口1", "2=窗口2", "3=窗口3", "4=窗口4", "5=窗口5", "6=窗口6", "7=窗口7", "8=窗口8"]
[1785038423149] [intent] 匹配: 窗口 1 执行动作「连续按1」
[1785038423150] [intent] 窗口 1(窗口1) 已添加脚本: ["通用-连续按1.ag", "蜀门-自动跟随.ag"]
[1785038423150] [intent] 动作「连续按1」匹配到脚本「通用-连续按1.ag」，启动
[1785038423151] [intent] 已启动窗口 1 的脚本「通用-连续按1.ag」
[1785038429330] [voice] 唤醒 score=0.574，开始听指令
[1785038429330] [voice] 回溯补齐 32000 样本(2.00秒)
[1785038429540] [voice] VAD 检测到静音，录音结束
[1785038429541] [voice] 指令音频 35520 样本(2.22秒)，开始 ASR 识别...
[1785038429908] [voice] ASR 识别结果: 「小助手，窗口一停止。」
[1785038429915] [intent] 原始文本: 「小助手，窗口一停止。」
[1785038429915] [intent] 当前窗口名: ["1=窗口1", "2=窗口2", "3=窗口3", "4=窗口4", "5=窗口5", "6=窗口6", "7=窗口7", "8=窗口8"]
[1785038429916] [intent] 匹配: 停止窗口 1
[1785042853023] [voice] 唤醒 score=0.652，开始听指令
[1785042853024] [voice] 回溯补齐 32000 样本(2.00秒)
[1785042853117] [voice] VAD 检测到静音，录音结束
[1785042853118] [voice] 指令音频 33600 样本(2.10秒)，开始 ASR 识别...
[1785042853873] [voice] ASR 识别结果: 「小助手。」
[1785042853882] [intent] 原始文本: 「小助手。」
[1785042853883] [intent] 当前窗口名: ["1=窗口1", "2=窗口2", "3=窗口3", "4=窗口4", "5=窗口5", "6=窗口6", "7=窗口7", "8=窗口8"]
[1785042853884] [intent] 未匹配到任何窗口名或停止指令
